// Jest Snapshot v1, https://goo.gl/fbAQLP

exports[`Snapshot of withSignIn withSignIn should render correctly 1`] = `<form />`;
