// Jest Snapshot v1, https://goo.gl/fbAQLP

exports[`Snapshot of ListCities ListCities should render correctly 1`] = `
<ul
  className="locations__list tabs__list"
>
  <li
    className="locations__item"
    onClick={[Function]}
  >
    <a
      className="locations__item-link tabs__item tabs__item--active"
      href="/Amsterdam"
      onClick={[Function]}
    >
      <span>
        Amsterdam
      </span>
    </a>
  </li>
  <li
    className="locations__item"
    onClick={[Function]}
  >
    <a
      className="locations__item-link tabs__item "
      href="/Dusseldorf"
      onClick={[Function]}
    >
      <span>
        Dusseldorf
      </span>
    </a>
  </li>
  <li
    className="locations__item"
    onClick={[Function]}
  >
    <a
      className="locations__item-link tabs__item "
      href="/Hamburg"
      onClick={[Function]}
    >
      <span>
        Hamburg
      </span>
    </a>
  </li>
</ul>
`;
