// Jest Snapshot v1, https://goo.gl/fbAQLP

exports[`Snapshot of withActiveCards withActiveCards should render correctly 1`] = `<div />`;
