// Jest Snapshot v1, https://goo.gl/fbAQLP

exports[`Snapshot of FavouriteOffers Should render correctly 1`] = `
<section
  className="favorites"
>
  <h1
    className="favorites__title"
  >
    Saved listing
  </h1>
  <ul
    className="favorites__list"
  >
    <li
      className="favorites__locations-items"
    >
      <div
        className="favorites__locations locations locations--current"
      >
        <div
          className="locations__item"
        >
          <a
            className="locations__item-link"
            href="/Paris"
            onClick={[Function]}
          >
            <span>
              Paris
            </span>
          </a>
        </div>
      </div>
      <div
        className="favorites__places"
      >
        <article
          className="favorites__card place-card"
        >
          <div
            className="place-card__mark"
          >
            <span>
              Premium
            </span>
          </div>
          <div
            className="favorites__image-wrapper place-card__image-wrapper"
          >
            <a
              href="/offer/2"
              onClick={[Function]}
            >
              <img
                alt="Place image"
                className="place-card__image"
                height="110"
                src="https://htmlacademy-react-3.appspot.com/six-cities/static/hotel/5.jpg"
                width="150"
              />
            </a>
          </div>
          <div
            className="favorites__card-info place-card__info"
          >
            <div
              className="place-card__price-wrapper"
            >
              <div
                className="place-card__price"
              >
                <b
                  className="place-card__price-value"
                >
                  397
                </b>
                <span
                  className="place-card__price-text"
                >
                  / night
                </span>
              </div>
              <button
                className="place-card__bookmark-button place-card__bookmark-button--active button"
                onClick={[Function]}
                type="button"
              >
                <svg
                  className="place-card__bookmark-icon"
                  height="19"
                  width="18"
                >
                  <use
                    xlinkHref="#icon-bookmark"
                  />
                </svg>
                <span
                  className="visually-hidden"
                >
                  In bookmarks
                </span>
              </button>
            </div>
            <div
              className="place-card__rating rating"
            >
              <div
                className="place-card__stars rating__stars"
              >
                <span
                  style={
                    Object {
                      "width": "72%",
                    }
                  }
                />
                <span
                  className="visually-hidden"
                >
                  Rating
                </span>
              </div>
            </div>
            <h2
              className="place-card__name"
            >
              <a
                href="/offer/2"
                onClick={[Function]}
              >
                Penthouse, 4-5 rooms + 5 balconies
              </a>
            </h2>
            <p
              className="place-card__type"
            >
              hotel
            </p>
          </div>
        </article>
      </div>
    </li>
    <li
      className="favorites__locations-items"
    >
      <div
        className="favorites__locations locations locations--current"
      >
        <div
          className="locations__item"
        >
          <a
            className="locations__item-link"
            href="/Amsterdam"
            onClick={[Function]}
          >
            <span>
              Amsterdam
            </span>
          </a>
        </div>
      </div>
      <div
        className="favorites__places"
      >
        <article
          className="favorites__card place-card"
        >
          <div
            className="place-card__mark"
          >
            <span>
              Premium
            </span>
          </div>
          <div
            className="favorites__image-wrapper place-card__image-wrapper"
          >
            <a
              href="/offer/1"
              onClick={[Function]}
            >
              <img
                alt="Place image"
                className="place-card__image"
                height="110"
                src="https://htmlacademy-react-3.appspot.com/six-cities/static/hotel/5.jpg"
                width="150"
              />
            </a>
          </div>
          <div
            className="favorites__card-info place-card__info"
          >
            <div
              className="place-card__price-wrapper"
            >
              <div
                className="place-card__price"
              >
                <b
                  className="place-card__price-value"
                >
                  397
                </b>
                <span
                  className="place-card__price-text"
                >
                  / night
                </span>
              </div>
              <button
                className="place-card__bookmark-button  button"
                onClick={[Function]}
                type="button"
              >
                <svg
                  className="place-card__bookmark-icon"
                  height="19"
                  width="18"
                >
                  <use
                    xlinkHref="#icon-bookmark"
                  />
                </svg>
                <span
                  className="visually-hidden"
                >
                  In bookmarks
                </span>
              </button>
            </div>
            <div
              className="place-card__rating rating"
            >
              <div
                className="place-card__stars rating__stars"
              >
                <span
                  style={
                    Object {
                      "width": "72%",
                    }
                  }
                />
                <span
                  className="visually-hidden"
                >
                  Rating
                </span>
              </div>
            </div>
            <h2
              className="place-card__name"
            >
              <a
                href="/offer/1"
                onClick={[Function]}
              >
                Penthouse, 4-5 rooms + 5 balconies
              </a>
            </h2>
            <p
              className="place-card__type"
            >
              hotel
            </p>
          </div>
        </article>
      </div>
    </li>
  </ul>
</section>
`;
