// Jest Snapshot v1, https://goo.gl/fbAQLP

exports[`Snapshot of withSelect withSelect should render correctly 1`] = `<form />`;
