// Jest Snapshot v1, https://goo.gl/fbAQLP

exports[`Snapshot of Preload Should render correct 1`] = `
<div>
  ... in progress
</div>
`;
