// Jest Snapshot v1, https://goo.gl/fbAQLP

exports[`Snapshot of withComment withComment should render correctly 1`] = `<div />`;
